2026-08-30 11:20:44 tunnel DOWN or URL unverified -- restarting cloudflared
2026-08-30 11:21:01 tunnel restarted: https://peoples-series-reaction-oscar.trycloudflare.com (rebuild any APK before installing -- old URL is dead)
2026-08-31 10:18:50 tunnel DOWN or URL unverified -- restarting cloudflared
2026-08-31 10:19:00 tunnel restarted: https://dolls-ringtones-soma-certificates.trycloudflare.com (rebuild any APK before installing -- old URL is dead)
2026-08-31 19:55:47 tunnel DOWN or URL unverified -- restarting cloudflared
2026-08-31 19:55:59 tunnel restarted: https://moisture-spectrum-terrorism-angels.trycloudflare.com (rebuild any APK before installing -- old URL is dead)
2026-09-01 07:53:34 tunnel DOWN or URL unverified -- restarting cloudflared
2026-09-01 07:53:42 tunnel restarted: https://equations-provide-utilities-copyright.trycloudflare.com (rebuild any APK before installing -- old URL is dead)
2026-09-01 10:53:01 tunnel DOWN or URL unverified -- restarting cloudflared
2026-09-01 10:53:06 tunnel restarted: https://api.trycloudflare.com (rebuild any APK before installing -- old URL is dead)
2026-09-01 10:55:03 tunnel DOWN or URL unverified -- restarting cloudflared
2026-09-01 10:55:11 tunnel restarted: https://instruments-his-printers-britain.trycloudflare.com (rebuild any APK before installing -- old URL is dead)
2026-09-01 15:45:06 backend DOWN -- restarting npm run dev:server
2026-09-01 15:45:21 backend still not responding after restart attempt
2026-09-01 15:45:21 tunnel DOWN or URL unverified -- restarting cloudflared
2026-09-01 15:45:29 tunnel restarted: https://attempts-medieval-erp-under.trycloudflare.com (rebuild any APK before installing -- old URL is dead)
2026-09-02 09:51:22 tunnel DOWN or URL unverified -- restarting cloudflared
2026-09-02 09:51:32 tunnel restarted: https://backed-entity-trailers-minimize.trycloudflare.com (rebuild any APK before installing -- old URL is dead)
2026-09-02 14:32:15 tunnel DOWN or URL unverified -- restarting cloudflared
2026-09-02 14:32:25 tunnel restarted: https://under-howto-joyce-properties.trycloudflare.com (rebuild any APK before installing -- old URL is dead)
2026-09-02 18:14:26 tunnel DOWN or URL unverified -- restarting cloudflared
2026-09-02 18:17:30 tunnel restarted: https://volume-massachusetts-victorian-mentioned.trycloudflare.com (rebuild any APK before installing -- old URL is dead)
2026-09-02 18:30:47 tunnel DOWN or URL unverified -- restarting cloudflared
2026-09-02 20:30:47 tunnel restart did not produce a URL within timeout -- check C:\Users\varad\CareLoop\scripts\cloudflared_current.log
2026-09-02 20:33:05 tunnel DOWN or URL unverified -- restarting cloudflared
2026-09-02 20:33:19 tunnel restarted: https://ips-saved-hay-cakes.trycloudflare.com (rebuild any APK before installing -- old URL is dead)
2026-09-02 23:37:15 tunnel DOWN or URL unverified -- restarting cloudflared
2026-09-02 23:37:25 tunnel restarted: https://remember-sailing-generous-illustration.trycloudflare.com (rebuild any APK before installing -- old URL is dead)
2026-09-03 18:59:57 tunnel DOWN or URL unverified -- restarting cloudflared
2026-09-03 19:00:15 tunnel restarted: https://enhancement-though-phrase-passive.trycloudflare.com (rebuild any APK before installing -- old URL is dead)
2026-09-03 20:24:23 tunnel DOWN or URL unverified -- restarting cloudflared
2026-09-03 20:24:43 tunnel restarted: https://betting-moved-describe-future.trycloudflare.com (rebuild any APK before installing -- old URL is dead)
2026-09-04 10:52:10 tunnel DOWN or URL unverified -- restarting cloudflared
2026-09-04 10:52:22 tunnel restarted: https://departmental-vernon-bind-oriented.trycloudflare.com (rebuild any APK before installing -- old URL is dead)
2026-09-04 11:09:09 backend DOWN -- restarting npm run dev:server
2026-09-04 11:09:23 backend still not responding after restart attempt
2026-09-04 11:09:24 tunnel DOWN or URL unverified -- restarting cloudflared
2026-09-04 11:09:34 tunnel restarted: https://finds-civil-wit-provider.trycloudflare.com (rebuild any APK before installing -- old URL is dead)
2026-09-04 15:01:08 tunnel DOWN or URL unverified -- restarting cloudflared
2026-09-04 15:01:24 tunnel restarted: https://daughter-export-sphere-blades.trycloudflare.com (rebuild any APK before installing -- old URL is dead)
2026-09-04 19:54:20 tunnel DOWN or URL unverified -- restarting cloudflared
2026-09-04 19:54:38 tunnel restarted: https://ended-excessive-council-incorporated.trycloudflare.com (rebuild any APK before installing -- old URL is dead)
2026-09-04 19:55:17 tunnel DOWN or URL unverified -- restarting cloudflared
2026-09-04 19:55:25 tunnel restarted: https://synthetic-repairs-marker-guided.trycloudflare.com (rebuild any APK before installing -- old URL is dead)
2026-09-04 22:09:59 tunnel DOWN or URL unverified -- restarting cloudflared
2026-09-04 22:10:23 tunnel restarted: https://females-stated-quit-belfast.trycloudflare.com (rebuild any APK before installing -- old URL is dead)
2026-09-04 23:46:31 tunnel DOWN or URL unverified -- restarting cloudflared
2026-09-04 23:49:05 tunnel DOWN or URL unverified -- restarting cloudflared
2026-09-05 23:12:08 backend DOWN -- restarting npm run dev:server
2026-09-05 23:12:27 backend still not responding after restart attempt
2026-09-05 23:12:27 tunnel DOWN or URL unverified -- restarting cloudflared
2026-09-05 23:12:38 tunnel restarted: https://par-bundle-tvs-town.trycloudflare.com (rebuild any APK before installing -- old URL is dead)
2026-09-05 23:29:11 tunnel DOWN or URL unverified -- restarting cloudflared
2026-09-05 23:29:24 tunnel restarted: https://paxil-yarn-seconds-machine.trycloudflare.com (rebuild any APK before installing -- old URL is dead)
2026-09-05 23:45:08 tunnel DOWN or URL unverified -- restarting cloudflared
2026-09-05 23:45:25 tunnel restarted: https://api.trycloudflare.com (rebuild any APK before installing -- old URL is dead)
2026-09-05 23:47:05 tunnel DOWN or URL unverified -- restarting cloudflared
2026-09-05 23:47:16 tunnel restarted: https://nights-substantially-september-nissan.trycloudflare.com (rebuild any APK before installing -- old URL is dead)
2026-09-05 23:49:59 tunnel DOWN or URL unverified -- restarting cloudflared
2026-09-05 23:50:21 tunnel restarted: https://zip-chosen-tells-contest.trycloudflare.com (rebuild any APK before installing -- old URL is dead)
2026-09-06 00:01:24 tunnel DOWN or URL unverified -- restarting cloudflared
2026-09-06 00:01:35 tunnel restarted: https://highlights-cos-participated-consultant.trycloudflare.com (rebuild any APK before installing -- old URL is dead)
2026-09-06 00:08:14 tunnel DOWN or URL unverified -- restarting cloudflared
2026-09-06 00:08:30 tunnel restarted: https://spoke-games-four-included.trycloudflare.com (rebuild any APK before installing -- old URL is dead)
2026-09-06 03:01:14 tunnel DOWN or URL unverified -- restarting cloudflared
2026-09-06 03:01:33 tunnel restart did not produce a URL within timeout -- check C:\Users\varad\CareLoop\scripts\cloudflared_current.log
2026-09-06 03:03:14 tunnel DOWN or URL unverified -- restarting cloudflared
2026-09-06 03:03:32 tunnel restart did not produce a URL within timeout -- check C:\Users\varad\CareLoop\scripts\cloudflared_current.log
2026-09-06 03:05:03 tunnel DOWN or URL unverified -- restarting cloudflared
2026-09-06 03:05:11 tunnel restarted: https://appreciate-exhibitions-stock-code.trycloudflare.com (rebuild any APK before installing -- old URL is dead)
2026-09-06 04:05:15 tunnel DOWN or URL unverified -- restarting cloudflared
2026-09-06 04:05:33 tunnel restart did not produce a URL within timeout -- check C:\Users\varad\CareLoop\scripts\cloudflared_current.log
2026-09-06 04:07:11 tunnel DOWN or URL unverified -- restarting cloudflared
2026-09-06 04:07:22 tunnel restarted: https://miracle-wrapped-oakland-mae.trycloudflare.com (rebuild any APK before installing -- old URL is dead)
2026-09-06 08:49:09 backend DOWN -- restarting npm run dev:server
2026-09-06 08:49:23 backend still not responding after restart attempt
2026-09-06 08:49:23 tunnel DOWN or URL unverified -- restarting cloudflared
2026-09-06 08:49:33 tunnel restarted: https://eligibility-visitor-with-notebook.trycloudflare.com (rebuild any APK before installing -- old URL is dead)
2026-09-06 11:15:05 tunnel DOWN or URL unverified -- restarting cloudflared
2026-09-06 11:15:15 tunnel restarted: https://applicants-chest-automatically-consequences.trycloudflare.com (rebuild any APK before installing -- old URL is dead)
2026-09-06 11:37:05 tunnel DOWN or URL unverified -- restarting cloudflared
2026-09-06 11:37:14 tunnel restarted: https://herbs-historical-size-intermediate.trycloudflare.com (rebuild any APK before installing -- old URL is dead)
2026-09-06 15:59:33 tunnel DOWN or URL unverified -- restarting cloudflared
2026-09-06 15:59:50 tunnel restarted: https://ride-ireland-refused-researcher.trycloudflare.com (rebuild any APK before installing -- old URL is dead)
2026-09-07 09:31:55 tunnel DOWN or URL unverified -- restarting cloudflared
2026-09-07 09:32:06 tunnel restarted: https://rom-monica-myth-pdt.trycloudflare.com (rebuild any APK before installing -- old URL is dead)
2026-09-07 12:05:11 tunnel DOWN or URL unverified -- restarting cloudflared
2026-09-07 12:05:24 tunnel restarted: https://amendments-comm-consumer-compute.trycloudflare.com (rebuild any APK before installing -- old URL is dead)
2026-09-07 12:13:10 tunnel DOWN or URL unverified -- restarting cloudflared
2026-09-07 12:13:24 tunnel restarted: https://delays-powell-divx-efficiency.trycloudflare.com (rebuild any APK before installing -- old URL is dead)
2026-09-07 12:21:16 tunnel DOWN or URL unverified -- restarting cloudflared
2026-09-07 12:21:29 tunnel restarted: https://higher-kelkoo-installing-pole.trycloudflare.com (rebuild any APK before installing -- old URL is dead)
2026-09-07 12:33:19 tunnel DOWN or URL unverified -- restarting cloudflared
2026-09-07 12:33:38 tunnel restarted: https://trust-been-roland-strips.trycloudflare.com (rebuild any APK before installing -- old URL is dead)
2026-09-07 12:41:14 tunnel DOWN or URL unverified -- restarting cloudflared
2026-09-07 12:41:26 tunnel restarted: https://dish-raise-determined-policies.trycloudflare.com (rebuild any APK before installing -- old URL is dead)
2026-09-07 12:53:40 tunnel DOWN or URL unverified -- restarting cloudflared
2026-09-07 12:54:37 tunnel restarted: https://gabriel-explain-mag-losing.trycloudflare.com (rebuild any APK before installing -- old URL is dead)
2026-09-07 15:49:26 tunnel DOWN or URL unverified -- restarting cloudflared
2026-09-07 15:49:35 tunnel restarted: https://mailing-weights-room-gbp.trycloudflare.com (rebuild any APK before installing -- old URL is dead)
2026-09-07 20:07:21 tunnel DOWN or URL unverified -- restarting cloudflared
2026-09-07 20:07:32 tunnel restarted: https://orleans-ecommerce-positive-among.trycloudflare.com (rebuild any APK before installing -- old URL is dead)
2026-09-07 21:05:16 tunnel DOWN or URL unverified -- restarting cloudflared
2026-09-07 21:05:29 tunnel restarted: https://conduct-overall-millions-connectors.trycloudflare.com (rebuild any APK before installing -- old URL is dead)
2026-09-07 23:13:16 tunnel DOWN or URL unverified -- restarting cloudflared
2026-09-07 23:13:52 tunnel restarted: https://interviews-eugene-humans-baking.trycloudflare.com (rebuild any APK before installing -- old URL is dead)
2026-09-08 10:23:08 tunnel DOWN or URL unverified -- restarting cloudflared
2026-09-08 10:23:31 tunnel restarted: https://winning-opponent-couples-cleaners.trycloudflare.com (rebuild any APK before installing -- old URL is dead)
2026-09-08 10:49:14 tunnel DOWN or URL unverified -- restarting cloudflared
2026-09-08 10:49:24 tunnel restarted: https://selected-monitored-fares-composition.trycloudflare.com (rebuild any APK before installing -- old URL is dead)
2026-09-08 11:21:14 tunnel DOWN or URL unverified -- restarting cloudflared
2026-09-08 11:21:24 tunnel restarted: https://productivity-antique-detroit-mirror.trycloudflare.com (rebuild any APK before installing -- old URL is dead)
2026-09-08 16:11:14 tunnel DOWN or URL unverified -- restarting cloudflared
2026-09-08 16:11:26 tunnel restarted: https://banners-convinced-noble-regulation.trycloudflare.com (rebuild any APK before installing -- old URL is dead)
2026-09-08 16:41:14 tunnel DOWN or URL unverified -- restarting cloudflared
2026-09-08 16:41:38 tunnel restart did not produce a URL within timeout -- check C:\Users\varad\CareLoop\scripts\cloudflared_current.log
2026-09-08 16:43:04 tunnel DOWN or URL unverified -- restarting cloudflared
2026-09-08 16:43:14 tunnel restarted: https://might-intranet-door-cognitive.trycloudflare.com (rebuild any APK before installing -- old URL is dead)
2026-09-08 17:23:03 tunnel DOWN or URL unverified -- restarting cloudflared
2026-09-08 17:23:13 tunnel restarted: https://did-professor-license-graduate.trycloudflare.com (rebuild any APK before installing -- old URL is dead)
2026-09-08 17:35:05 tunnel DOWN or URL unverified -- restarting cloudflared
2026-09-08 17:35:21 tunnel restarted: https://yellow-observer-couple-runs.trycloudflare.com (rebuild any APK before installing -- old URL is dead)
2026-09-08 17:51:14 tunnel DOWN or URL unverified -- restarting cloudflared
2026-09-08 17:51:22 tunnel restarted: https://manager-catch-remained-smooth.trycloudflare.com (rebuild any APK before installing -- old URL is dead)
2026-09-08 17:59:04 tunnel DOWN or URL unverified -- restarting cloudflared
2026-09-08 17:59:16 tunnel restarted: https://isaac-ecological-nec-trim.trycloudflare.com (rebuild any APK before installing -- old URL is dead)
2026-09-08 18:01:04 tunnel DOWN or URL unverified -- restarting cloudflared
2026-09-08 18:01:18 tunnel restarted: https://investigated-toddler-malpractice-messages.trycloudflare.com (rebuild any APK before installing -- old URL is dead)
2026-09-08 18:03:03 tunnel DOWN or URL unverified -- restarting cloudflared
2026-09-08 18:03:15 tunnel restarted: https://lived-breakdown-concord-ver.trycloudflare.com (rebuild any APK before installing -- old URL is dead)
2026-09-08 18:31:04 tunnel DOWN or URL unverified -- restarting cloudflared
2026-09-08 18:31:20 tunnel restarted: https://phone-merry-gnu-gordon.trycloudflare.com (rebuild any APK before installing -- old URL is dead)
2026-09-08 19:31:09 tunnel DOWN or URL unverified -- restarting cloudflared
2026-09-08 19:31:20 tunnel restarted: https://podcast-lauderdale-aims-interracial.trycloudflare.com (rebuild any APK before installing -- old URL is dead)
2026-09-08 19:35:06 tunnel DOWN or URL unverified -- restarting cloudflared
2026-09-08 19:35:24 tunnel restarted: https://doctrine-views-francis-relaxation.trycloudflare.com (rebuild any APK before installing -- old URL is dead)
2026-09-08 19:37:03 tunnel DOWN or URL unverified -- restarting cloudflared
2026-09-08 19:37:15 tunnel restarted: https://toward-domestic-practitioner-valley.trycloudflare.com (rebuild any APK before installing -- old URL is dead)
2026-09-08 23:45:14 tunnel DOWN or URL unverified -- restarting cloudflared
2026-09-08 23:45:26 tunnel restarted: https://served-metallic-diff-organisation.trycloudflare.com (rebuild any APK before installing -- old URL is dead)
2026-09-09 00:17:16 backend DOWN -- restarting npm run dev:server
2026-09-09 00:17:36 backend still not responding after restart attempt
2026-09-09 00:35:53 tunnel DOWN or URL unverified -- restarting cloudflared
2026-09-09 00:36:26 tunnel restart did not produce a URL within timeout -- check C:\Users\varad\CareLoop\scripts\cloudflared_current.log
2026-09-09 00:39:36 tunnel DOWN or URL unverified -- restarting cloudflared
2026-09-09 00:40:08 tunnel restart did not produce a URL within timeout -- check C:\Users\varad\CareLoop\scripts\cloudflared_current.log
2026-09-09 00:42:32 tunnel DOWN or URL unverified -- restarting cloudflared
2026-09-09 00:42:52 tunnel restart did not produce a URL within timeout -- check C:\Users\varad\CareLoop\scripts\cloudflared_current.log
2026-09-09 00:43:27 tunnel DOWN or URL unverified -- restarting cloudflared
2026-09-09 00:43:47 tunnel restarted: https://trailers-brave-virginia-geneva.trycloudflare.com (rebuild any APK before installing -- old URL is dead)
2026-09-09 15:47:46 backend DOWN -- restarting npm run dev:server
2026-09-09 15:48:22 backend still not responding after restart attempt
2026-09-09 15:48:27 tunnel DOWN or URL unverified -- restarting cloudflared
2026-09-09 15:48:56 tunnel restart did not produce a URL within timeout -- check C:\Users\varad\CareLoop\scripts\cloudflared_current.log
2026-09-09 15:49:17 backend DOWN -- restarting npm run dev:server
2026-09-09 15:49:28 backend back up
2026-09-09 15:49:28 tunnel DOWN or URL unverified -- restarting cloudflared
2026-09-09 15:49:38 tunnel restarted: https://championship-cast-acdbentity-studios.trycloudflare.com (rebuild any APK before installing -- old URL is dead)
2026-09-09 16:35:06 tunnel DOWN or URL unverified -- restarting cloudflared
2026-09-09 16:35:22 tunnel restarted: https://teachers-countries-landscapes-advertisers.trycloudflare.com (rebuild any APK before installing -- old URL is dead)
2026-09-09 22:57:28 backend DOWN -- restarting npm run dev:server
2026-09-09 22:57:43 backend still not responding after restart attempt
2026-09-09 22:57:44 tunnel DOWN or URL unverified -- restarting cloudflared
2026-09-09 22:57:54 tunnel restarted: https://lamp-distance-alliance-terrorist.trycloudflare.com (rebuild any APK before installing -- old URL is dead)
2026-09-10 12:44:48 tunnel DOWN or URL unverified -- restarting cloudflared
2026-09-10 12:44:59 tunnel restarted: https://syracuse-experience-relevant-sociology.trycloudflare.com (rebuild any APK before installing -- old URL is dead)
2026-09-10 14:33:05 tunnel DOWN or URL unverified -- restarting cloudflared
2026-09-10 14:33:23 tunnel restart did not produce a URL within timeout -- check C:\Users\varad\CareLoop\scripts\cloudflared_current.log
2026-09-10 14:35:06 tunnel DOWN or URL unverified -- restarting cloudflared
2026-09-10 14:35:16 tunnel restarted: https://corner-toolkit-stewart-try.trycloudflare.com (rebuild any APK before installing -- old URL is dead)
